Copyright 1986-2022 Xilinx, Inc. All Rights Reserved. Copyright 2022-2025 Advanced Micro Devices, Inc. All Rights Reserved.
---------------------------------------------------------------------------------------------------------------------------------------------
| Tool Version : Vivado v.2025.2 (win64) Build 6299465 Fri Nov 14 19:35:11 GMT 2025
| Date         : Tue May 26 10:37:54 2026
| Host         : DESKTOP-MA049OG running 64-bit major release  (build 9200)
| Command      : report_drc -file weather_matrix_top_drc_opted.rpt -pb weather_matrix_top_drc_opted.pb -rpx weather_matrix_top_drc_opted.rpx
| Design       : weather_matrix_top
| Device       : xc7z020clg400-1
| Speed File   : -1
| Design State : Synthesized
---------------------------------------------------------------------------------------------------------------------------------------------

Report DRC

Table of Contents
-----------------
1. REPORT SUMMARY
2. REPORT DETAILS

1. REPORT SUMMARY
-----------------
            Netlist: netlist
          Floorplan: design_1
      Design limits: <entire design considered>
           Ruledeck: default
             Max checks: <unlimited>
             Checks found: 3
+--------+----------+---------------------------------+--------+
| Rule   | Severity | Description                     | Checks |
+--------+----------+---------------------------------+--------+
| RPBF-3 | Warning  | IO port buffering is incomplete | 2      |
| ZPS7-1 | Warning  | PS7 block required              | 1      |
+--------+----------+---------------------------------+--------+

2. REPORT DETAILS
-----------------
RPBF-3#1 Warning
IO port buffering is incomplete  
Device port aqs_scl expects both input and output buffering but the buffers are incomplete.
Related violations: <none>

RPBF-3#2 Warning
IO port buffering is incomplete  
Device port bme_scl expects both input and output buffering but the buffers are incomplete.
Related violations: <none>

ZPS7-1#1 Warning
PS7 block required  
The PS7 cell must be used in this Zynq design in order to enable correct default configuration.
Related violations: <none>


