#-----------------------------------------------------------
# Vivado v2025.2 (64-bit)
# SW Build 6299465 on Fri Nov 14 19:35:11 GMT 2025
# IP Build 6300035 on Fri Nov 14 10:48:45 MST 2025
# SharedData Build 6298862 on Thu Nov 13 04:50:51 MST 2025
# Start of session at: Tue May 26 10:36:29 2026
# Process ID         : 35204
# Current directory  : E:/Studia/LUC/Projekt/macierz_sensoryczna_pogodowa/macierz_sensoryczna_pogodowa.runs/synth_1
# Command line       : vivado.exe -log weather_matrix_top.vds -product Vivado -mode batch -messageDb vivado.pb -notrace -source weather_matrix_top.tcl
# Log file           : E:/Studia/LUC/Projekt/macierz_sensoryczna_pogodowa/macierz_sensoryczna_pogodowa.runs/synth_1/weather_matrix_top.vds
# Journal file       : E:/Studia/LUC/Projekt/macierz_sensoryczna_pogodowa/macierz_sensoryczna_pogodowa.runs/synth_1\vivado.jou
# Running On         : DESKTOP-MA049OG
# Platform           : Windows Server 2016 or Windows 10
# Operating System   : 26200
# Processor Detail   : 12th Gen Intel(R) Core(TM) i9-12900K
# CPU Frequency      : 3187 MHz
# CPU Physical cores : 16
# CPU Logical cores  : 24
# Host memory        : 34127 MB
# Swap memory        : 5368 MB
# Total Virtual      : 39496 MB
# Available Virtual  : 12862 MB
#-----------------------------------------------------------
source weather_matrix_top.tcl -notrace
